// Jest Snapshot v1, https://goo.gl/fbAQLP

exports[`CounterApp renders without crashing 1`] = `
<div
  className="Counter"
>
  <p
    className="Counter-display"
  >
    Counter: 
    0
  </p>
  <button
    className="Add"
    onClick={[Function]}
    style={
      Object {
        "color": "#fff",
      }
    }
    type="button"
  >
    Add
  </button>
  <button
    className="Subtract"
    onClick={[Function]}
    style={
      Object {
        "color": "#fff",
      }
    }
    type="button"
  >
    Subtract
  </button>
</div>
`;
